============================= test session starts =============================
platform win32 -- Python 3.11.9, pytest-9.0.2, pluggy-1.6.0
rootdir: D:\Secure_Research_project
configfile: pytest.ini
plugins: anyio-4.12.1, locust-2.43.3, cov-7.0.0, flask-1.3.0
collected 7 items

tests\test_auth.py ....                                                  [ 57%]
tests\test_datasets.py ...                                               [100%]

============================== 7 passed in 0.19s ==============================
